<testsuites name="results">
  <testsuite name="all" package="all">
    <property name="random_seed" value="1775182898" />
    <testcase name="test_basic_and" classname="test_CascadeColourPair" file="/home/parallels/e2_fpga/tests/test_CascadeColourPair.py" lineno="11" time="0.00015687942504882812" sim_time_ns="1.0" ratio_time="6374.322188449848" />
    <testcase name="test_deadend_h" classname="test_CascadeColourPair" file="/home/parallels/e2_fpga/tests/test_CascadeColourPair.py" lineno="19" time="4.744529724121094e-05" sim_time_ns="1.0" ratio_time="21076.904522613066" />
    <testcase name="test_deadend_v" classname="test_CascadeColourPair" file="/home/parallels/e2_fpga/tests/test_CascadeColourPair.py" lineno="26" time="3.170967102050781e-05" sim_time_ns="1.0" ratio_time="31536.120300751878" />
    <testcase name="test_deadend_both" classname="test_CascadeColourPair" file="/home/parallels/e2_fpga/tests/test_CascadeColourPair.py" lineno="33" time="2.8133392333984375e-05" sim_time_ns="1.0" ratio_time="35544.94915254237" />
    <testcase name="test_no_deadend" classname="test_CascadeColourPair" file="/home/parallels/e2_fpga/tests/test_CascadeColourPair.py" lineno="40" time="2.7894973754882812e-05" sim_time_ns="1.0" ratio_time="35848.75213675214" />
    <testcase name="test_updated_h" classname="test_CascadeColourPair" file="/home/parallels/e2_fpga/tests/test_CascadeColourPair.py" lineno="47" time="3.6716461181640625e-05" sim_time_ns="1.0" ratio_time="27235.74025974026" />
    <testcase name="test_updated_v" classname="test_CascadeColourPair" file="/home/parallels/e2_fpga/tests/test_CascadeColourPair.py" lineno="54" time="2.8848648071289062e-05" sim_time_ns="1.0" ratio_time="34663.669421487604" />
    <testcase name="test_not_updated" classname="test_CascadeColourPair" file="/home/parallels/e2_fpga/tests/test_CascadeColourPair.py" lineno="61" time="2.9087066650390625e-05" sim_time_ns="1.0" ratio_time="34379.54098360656" />
  </testsuite>
</testsuites>